V3 3
FL "C:/Users/Richy/Desktop/Proyectos ISE/Procesador1/PSR.vhd" 2018/05/01.00:19:18 P.20131013
EN work/PSR 1525151970 \
      FL "C:/Users/Richy/Desktop/Proyectos ISE/Procesador1/PSR.vhd" \
      PB ieee/std_logic_1164 1381692176
AR work/PSR/Behavioral 1525151971 \
      FL "C:/Users/Richy/Desktop/Proyectos ISE/Procesador1/PSR.vhd" EN work/PSR 1525151970
